eeschema (2013-07-07 BZR 4022)-stable  >> Creation date: 24/04/2015 15:57:29
#Cmp ( order = Reference )
| C1         15pF        
| C2         15pF        
| C3         0uF1        
| C4         tbd         
| C5         4uF7        
| C6         CSMALL      
| C7         0uF1        
| C8         tbd         
| C9         1uF         
| C10        270nF       
| C11        4uF7        
| C12        4uF7        
| D1         LED         
| D2         LED         
| D3         DIODE       
| D4         DIODESCH    
| D5         LED tbd     
| J1         USB_MINI    
| P1         TP_URX      
| P2         GPIO10_GND_JUMPER
| P3         TP_UTX      
| P4         TON2        
| P5         RESET_CONN_2
| P6         UART_TX_JUMPER
| P7         MBUTTON3    
| P8         TP_TON1     
| P9         MBUTTON1    
| P10        BATT        
| P11        MBUTTON2    
| P12        ICSP_CONN5  
| P13        I2C_SCREEN  
| P14        R_VCC       
| P15        GPS_DE9     
| P16        RADIO_DE9   
| P17        SW5         
| Q1         DMP1045U    
| R1         60          
| R2         60          
| R3         4k7         
| R4         1k          
| R5         tbd         
| R6         1k          
| R7         tbd         
| R8         JUMPER      
| R9         47k         
| R10        100K        
| R11        JUMPER      
| R12        4k7         
| R13        tbd         
| R14        tbd         
| R15        4k7         
| R16        1k          
| R17        1k          
| R18        2k          
| R19        tbd         
| RV1        10k         
| RV2        10k         
| T1         BSV52       
| U1         TPS769XX    
| U2         TLV271      
| U3         PIC18F14K50 
| U4         MCP7383X    
| X1         10MHz       
#End Cmp

#Cmp ( order = Value )
| 0uF1         C3        
| 0uF1         C7        
| 15pF         C1        
| 15pF         C2        
| 270nF        C10       
| 1uF          C9        
| 4uF7         C5        
| 4uF7         C11       
| 4uF7         C12       
| tbd          C4        
| CSMALL       C6        
| tbd          C8        
| LED          D1        
| LED          D2        
| DIODE        D3        
| DIODESCH     D4        
| LED tbd      D5        
| USB_MINI     J1        
| GPIO10_GND_JUMPER P2        
| RESET_CONN_2 P5        
| UART_TX_JUMPER P6        
| MBUTTON3     P7        
| MBUTTON1     P9        
| BATT         P10       
| MBUTTON2     P11       
| ICSP_CONN5   P12       
| I2C_SCREEN   P13       
| R_VCC        P14       
| GPS_DE9      P15       
| RADIO_DE9    P16       
| SW5          P17       
| TP_URX       P1        
| TP_UTX       P3        
| TON2         P4        
| TP_TON1      P8        
| DMP1045U     Q1        
| 60           R1        
| 60           R2        
| 1k           R4        
| 1k           R6        
| 1k           R16       
| 1k           R17       
| 2k           R18       
| 4k7          R3        
| 4k7          R12       
| 4k7          R15       
| 47k          R9        
| 100K         R10       
| tbd          R5        
| tbd          R7        
| JUMPER       R8        
| JUMPER       R11       
| tbd          R13       
| tbd          R14       
| tbd          R19       
| 10k          RV1       
| 10k          RV2       
| BSV52        T1        
| TLV271       U2        
| MCP7383X     U4        
| TPS769XX     U1        
| PIC18F14K50  U3        
| 10MHz        X1        
#End Cmp

#End List
